Watch this space.
INSERT-PREV-NEXT-BLOCK-HERE
